HTTPError: HTTP Error 502: Bad Gateway
Traceback (most recent call last):
{
  "message": "Server Error"
}

  File "<stdin>", line 9, in <module>
  File "C:\Users\trevo\Documents\GitHub\Brainstorm-Rerolled-Rerolled\tools\push_in_batches.py", line 178, in publish_github_preload
    result = api("/git/trees", {"tree": entries})
             ^^^^^^^^^^^^^^^^^^^^^^^^^^^^^^^^^^^^
  File "C:\Users\trevo\Documents\GitHub\Brainstorm-Rerolled-Rerolled\tools\push_in_batches.py", line 153, in api
    with urlopen(request, timeout=60) as response:
         ^^^^^^^^^^^^^^^^^^^^^^^^^^^^
  File "C:\Users\trevo\AppData\Local\Programs\Python\Python312\Lib\urllib\request.py", line 215, in urlopen
    return opener.open(url, data, timeout)
           ^^^^^^^^^^^^^^^^^^^^^^^^^^^^^^^
  File "C:\Users\trevo\AppData\Local\Programs\Python\Python312\Lib\urllib\request.py", line 521, in open
    response = meth(req, response)
               ^^^^^^^^^^^^^^^^^^^
  File "C:\Users\trevo\AppData\Local\Programs\Python\Python312\Lib\urllib\request.py", line 630, in http_response
    response = self.parent.error(
               ^^^^^^^^^^^^^^^^^^
  File "C:\Users\trevo\AppData\Local\Programs\Python\Python312\Lib\urllib\request.py", line 559, in error
    return self._call_chain(*args)
           ^^^^^^^^^^^^^^^^^^^^^^^
  File "C:\Users\trevo\AppData\Local\Programs\Python\Python312\Lib\urllib\request.py", line 492, in _call_chain
    result = func(*args)
             ^^^^^^^^^^^
  File "C:\Users\trevo\AppData\Local\Programs\Python\Python312\Lib\urllib\request.py", line 639, in http_error_default
    raise HTTPError(req.full_url, code, msg, hdrs, fp)
urllib.error.HTTPError: HTTP Error 502: Bad Gateway
